cargo :     Finished `test` profile [unoptimized + debuginfo] target(s) in 2.40s
At line:1 char:1
+ cargo test --locked -p realestate-backend --no-fail-fast --lib 2>&1 > ...
+ ~~~~~~~~~~~~~~~~~~~~~~~~~~~~~~~~~~~~~~~~~~~~~~~~~~~~~~~~~~~~~~~~~~~~~
    + CategoryInfo          : NotSpecified: (    Finished `t...get(s) in 2.40s:String) [], RemoteException
    + FullyQualifiedErrorId : NativeCommandError
 
     Running unittests src\lib.rs (target\debug\deps\realestate_backend-6cd98a2e55a621ae.exe)

running 846 tests
test config::tests::connect_options_applies_pool_config ... ok
test config::tests::for_testing_matches_production_defaults ... ok
test errors::tests::db_err_converts_to_conflict_for_unique_constraint ... ok
test errors::tests::db_err_converts_to_validation_for_foreign_key ... ok
test errors::tests::forbidden_returns_403 ... ok
test errors::tests::bad_request_returns_400 ... ok
test config::tests::from_env_defaults_port_when_not_set ... ok
test errors::tests::conflict_returns_409 ... ok
test errors::tests::db_err_converts_to_conflict_for_duplicate_key ... ok
test handlers::chatbot_internal::tests::constant_time_eq_equal_values ... ok
test handlers::inquilinos::tests::busqueda_takes_precedence_over_search ... ok
test errors::tests::extract_constraint_message_parses_detail ... ok
test handlers::inquilinos::tests::short_fallback_search_filtered_to_none ... ok
test config::tests::from_env_fails_with_invalid_port ... ok
test errors::tests::gone_returns_410 ... ok
test errors::tests::internal_returns_500 ... ok
test errors::tests::not_found_returns_404 ... ok
test errors::tests::unauthorized_returns_401 ... ok
test config::tests::pool_config_uses_defaults_when_not_set ... ok
test errors::tests::db_err_converts_to_internal_for_generic_errors ... ok
test handlers::chatbot_internal::tests::constant_time_eq_different_lengths ... ok
test handlers::inquilinos::tests::both_none_returns_none ... ok
test handlers::inquilinos::tests::falls_back_to_search_when_busqueda_is_none ... ok
test handlers::perfil::tests::cambiar_password_request_rejects_empty_object ... ok
test config::tests::pool_config_reads_custom_values ... ok
test handlers::inquilinos::tests::search_term_at_least_2_chars_passes ... ok
test handlers::inquilinos::tests::search_term_empty_string_filtered_to_none ... ok
test handlers::inquilinos::tests::search_term_single_char_filtered_to_none ... ok
test harness::tests::determine_exit_code_all_pass ... ok
test errors::tests::extract_null_column_parses_column_name ... ok
test harness::tests::determine_exit_code_no_progress ... ok
test harness::tests::determine_exit_code_partial_progress ... ok
test config::tests::from_env_with_all_vars ... ok
test handlers::perfil::tests::actualizar_perfil_request_allows_partial_fields ... ok
test harness::tests::dispatch_formatter_kotlin_in_android ... ok
test handlers::chatbot_internal::tests::constant_time_eq_different_values ... ok
test handlers::perfil::tests::actualizar_perfil_request_deserializes_camel_case ... ok
test config::tests::pool_config_fails_with_invalid_max_connections ... ok
test handlers::perfil::tests::cambiar_password_request_deserializes_camel_case ... ok
test errors::tests::db_err_converts_to_validation_for_not_null ... ok
test handlers::perfil::tests::cambiar_password_request_rejects_missing_fields ... ok
test harness::tests::dispatch_formatter_rust_file ... ok
test harness::tests::dispatch_formatter_ts_in_baileys ... ok
test errors::tests::internal_error_hides_details ... ok
test harness::tests::dispatch_formatter_ts_outside_baileys_returns_none ... ok
test errors::tests::error_response_contains_json_body ... ok
test harness::tests::dispatch_formatter_unknown_extension_returns_none ... ok
test handlers::perfil::tests::actualizar_perfil_request_allows_empty_object ... ok
test errors::tests::validation_returns_422 ... ok
test harness::tests::parse_max_iterations_valid ... ok
test harness::tests::format_commit_message_contains_sections ... ok
test harness::tests::prioritize_failures_stable_within_type ... ok
test harness::tests::parse_max_iterations_defaults ... ok
test harness::tests::dispatch_formatter_tsx_in_baileys ... ok
test harness::tests::prioritize_failures_ordering ... ok
test harness::tests::format_commit_message_first_line_max_70 ... ok
test harness::tests::select_sensors_kotlin_only ... ok
test harness::tests::should_continue_loop_all_pass ... ok
test harness::tests::select_sensors_mixed ... ok
test harness::tests::select_sensors_rust_only ... ok
test harness::tests::should_continue_loop_max_reached_no_progress ... ok
test harness::tests::should_continue_loop_max_reached_with_progress ... ok
test harness::tests::select_sensors_non_code_only ... ok
test harness::tests::should_continue_loop_below_max_with_failures ... ok
test harness::tests::select_sensors_typescript_only ... ok
test middleware::rate_limit::tests::cf_connecting_ip_takes_highest_priority ... ok
test middleware::rate_limit::tests::extractor_uses_cf_connecting_ip_with_ipv6_normalization ... ok
test middleware::rate_limit::tests::falls_back_to_localhost_when_nothing_available ... ok
test middleware::rate_limit::tests::invalid_cf_connecting_ip_falls_through_to_x_real_ip ... ok
test middleware::rate_limit::tests::ipv4_is_not_modified ... ok
test middleware::rate_limit::tests::ipv6_is_normalized_to_56_subnet ... ok
test middleware::rate_limit::tests::invalid_x_real_ip_falls_through_to_peer_addr ... ok
test middleware::rate_limit::tests::x_forwarded_for_is_never_trusted ... ok
test middleware::rate_limit::tests::x_real_ip_used_when_cf_connecting_ip_absent ... ok
test middleware::rbac::tests::check_role_admin_has_full_access ... ok
test middleware::rate_limit::tests::peer_addr_used_when_no_trusted_headers ... ok
test middleware::rbac::tests::check_role_allows_matching_role ... ok
test middleware::rbac::tests::check_role_denies_non_matching_role ... ok
test middleware::rbac::tests::check_role_visualizador_read_only ... ok
test models::auditoria::tests::auditoria_query_deserializes_all_fields ... ok
test models::auditoria::tests::auditoria_query_deserializes_empty_filters ... ok
test models::auditoria::tests::auditoria_query_deserializes_partial_filters ... ok
test middleware::rbac::tests::check_role_gerente_write_access ... ok
test harness::harness_pbt::dispatch_formatter_returns_correct_command ... ok
test models::auditoria::tests::auditoria_response_serializes_complex_cambios ... ok
test models::auditoria::tests::auditoria_response_serializes_to_camel_case ... ok
test models::background_jobs::tests::ejecutar_tarea_response_serializes_camel_case ... ok
test models::background_jobs::tests::ejecucion_tarea_response_serializes_camel_case ... ok
test models::background_jobs::tests::historial_query_with_all_filters ... ok
test models::background_jobs::tests::historial_query_with_no_filters ... ok
test models::chatbot::tests::agent_config_deserializes_camel_case ... ok
test models::chatbot::tests::agent_config_deserializes_empty_object ... ok
test models::chatbot::tests::agent_config_resolve_clamps_max_turns ... ok
test models::chatbot::tests::agent_config_resolve_defaults ... ok
test models::chatbot::tests::agent_config_resolve_filters_max_tokens ... ok
test models::chatbot::tests::agent_config_resolve_filters_temperature ... ok
test models::chatbot::tests::chatbot_config_response_serializes_camel_case ... ok
test models::chatbot::tests::chatbot_config_update_request_partial_fields ... ok
test models::chatbot::tests::connection_status_response_serializes_camel_case ... ok
test models::chatbot::tests::guardrail_overrides_default ... ok
test models::chatbot::tests::incoming_webhook_payload_deserializes_camel_case ... ok
test models::chatbot::tests::incoming_webhook_payload_with_image_and_caption ... ok
test models::chatbot::tests::receipt_confirm_request_deserializes ... ok
test models::chatbot::tests::send_message_request_serializes_camel_case ... ok
test models::chatbot::tests::test_chat_request_deserializes ... ok
test models::chatbot::tests::test_chat_response_serializes_camel_case ... ok
test models::chatbot::tests::tool_registration_strategy_serializes_snake_case ... ok
test models::condominios::tests::billing_desglose_serializes_camel_case ... ok
test models::condominios::tests::crear_cuota_request_deserializes_camel_case ... ok
test models::condominios::tests::cuota_response_serializes_camel_case ... ok
test models::condominios::tests::update_cuota_request_deserializes_partial ... ok
test models::contrato::tests::cambiar_estado_deposito_request_deserializes_camel_case ... ok
test models::contrato::tests::cambiar_estado_deposito_request_deserializes_with_retention_fields ... ok
test models::contrato::tests::contrato_response_serializes_deposit_fields ... ok
test models::contrato::tests::contrato_response_serializes_to_camel_case ... ok
test models::contrato::tests::por_vencer_query_deserializes_with_dias ... ok
test models::contrato::tests::por_vencer_query_deserializes_without_dias ... ok
test models::contrato::tests::terminar_contrato_request_deserializes_camel_case ... ok
test models::contrato::tests::renovar_contrato_request_deserializes_camel_case ... ok
test models::documento::tests::cumplimiento_response_serializes_correctly ... ok
test models::documento::tests::documento_list_query_deserializes ... ok
test models::documento::tests::digitalizar_response_serializes_correctly ... ok
test models::documento::tests::documento_response_serializes_to_camel_case ... ok
test models::documento::tests::documento_response_serializes_with_populated_optional_fields ... ok
test models::documento::tests::guardar_editor_request_deserializes ... ok
test models::documento::tests::plantilla_rellenada_response_serializes_correctly ... ok
test models::documento::tests::plantilla_response_serializes_correctly ... ok
test models::documento::tests::por_vencer_query_deserializes ... ok
test models::documento::tests::verificar_documento_request_deserializes ... ok
test models::fiscal::tests::actualizar_request_deserializes_with_identificador ... ok
test models::fiscal::tests::actualizar_request_deserializes_without_identificador ... ok
test models::chatbot_pbt::agent_config_resolve_max_turns_always_in_range ... ok
test models::fiscal::tests::tipo_fiscal_deserializes_from_snake_case ... ok
test models::chatbot_pbt::agent_config_resolve_max_tokens_always_valid_or_none ... ok
test models::fiscal::tests::tipo_fiscal_display ... ok
test models::fiscal::tests::tipo_fiscal_serializes_to_snake_case ... ok
test models::fiscal::tests::estado_fiscal_response_serializes_camel_case ... ok
test models::chatbot_pbt::agent_config_resolve_max_turns_defaults_to_5 ... ok
test models::gasto::tests::create_gasto_request_deserializes_camel_case ... ok
test models::chatbot_pbt::agent_config_resolve_tool_registration_defaults_to_selective ... ok
test models::gasto::tests::create_gasto_request_deserializes_required_only ... ok
test models::gasto::tests::gasto_list_query_empty ... ok
test models::gasto::tests::gasto_list_query_with_filters ... ok
test models::gasto::tests::gasto_response_serializes_to_camel_case ... ok
test models::chatbot_pbt::agent_config_resolve_temperature_always_valid_or_none ... ok
test models::gasto::tests::resumen_categoria_row_serializes_to_camel_case ... ok
test models::gasto::tests::resumen_categorias_query_deserializes ... ok
test models::gasto::tests::update_gasto_request_deserializes_partial ... ok
test models::chatbot_pbt::agent_config_resolve_max_tokens_outside_range_becomes_none ... ok
test models::indexacion::tests::aprobar_renovacion_request_deserializes_camel_case ... ok
test models::indexacion::tests::contrato_proximo_vencer_serializes_to_camel_case ... ok
test models::indexacion::tests::propuesta_renovacion_serializes_to_camel_case ... ok
test models::indexacion::tests::propuesta_renovacion_with_tope_aplicado ... ok
test models::inquilino::tests::search_query_with_busqueda ... ok
test models::inquilino::tests::search_query_empty_object ... ok
test models::inquilino::tests::search_query_with_search_field_backward_compat ... ok
test models::chatbot_pbt::agent_config_resolve_temperature_outside_range_becomes_none ... ok
test models::invitacion::tests::invitacion_response_serializes_to_camel_case ... ok
test models::invitacion::tests::crear_request_deserializes_camel_case ... ok
test models::invitacion::tests::crear_request_deserializes_gerente_role ... ok
test models::ipi::tests::configuracion_ipi_request_deserializes_from_camel_case ... ok
test models::ipi::tests::copropietario_response_serializes_camel_case ... ok
test models::ipi::tests::ipi_liability_response_serializes_camel_case ... ok
test models::mantenimiento::tests::create_solicitud_request_deserializes_camel_case ... ok
test models::mantenimiento::tests::solicitud_list_query_deserializes_optional_fields ... ok
test models::mantenimiento::tests::solicitud_list_query_deserializes_with_filters ... ok
test models::mantenimiento::tests::solicitud_response_serializes_camel_case ... ok
test models::ncf::tests::alerta_rango_serializes_camel_case ... ok
test models::ncf::tests::configurar_rango_request_deserializes ... ok
test models::ncf::tests::secuencia_ncf_response_serializes_camel_case ... ok
test models::ncf::tests::tipo_ncf_deserializes_from_variant_name ... ok
test models::ncf::tests::tipo_ncf_display ... ok
test models::ncf::tests::tipo_ncf_serializes_as_variant_name ... ok
test models::notificacion::tests::conteo_no_leidas_response_serializes_to_camel_case ... ok
test models::notificacion::tests::generar_notificaciones_response_serializes_to_camel_case ... ok
test models::notificacion::tests::marcar_todas_response_serializes_to_camel_case ... ok
test models::notificacion::tests::notificacion_list_query_deserializes_all_fields ... ok
test models::notificacion::tests::notificacion_list_query_deserializes_empty_object ... ok
test models::notificacion::tests::notificacion_list_query_deserializes_partial_fields ... ok
test models::notificacion::tests::notificacion_response_serializes_to_camel_case ... ok
test models::notificacion::tests::pago_vencido_serializes_large_days_overdue ... ok
test models::notificacion::tests::pago_vencido_serializes_to_camel_case ... ok
test models::notificacion::tests::pago_vencido_serializes_zero_days_overdue ... ok
test models::organizacion::tests::organizacion_response_serializes_to_camel_case ... ok
test models::organizacion::tests::update_request_deserializes_camel_case ... ok
test models::organizacion::tests::update_request_deserializes_dgii_data ... ok
test models::organizacion::tests::update_request_deserializes_empty_object ... ok
test models::organizacion::tests::update_request_does_not_include_immutable_fields ... ok
test models::pago::tests::pago_list_query_with_only_fecha_desde ... ok
test models::pago::tests::pago_list_query_with_only_fecha_hasta ... ok
test models::pago::tests::pago_list_query_with_date_range ... ok
test models::pago::tests::pago_list_query_without_date_range ... ok
test models::pago_generacion::tests::generar_pagos_request_deserializes_without_dia ... ok
test models::pago_generacion::tests::generar_pagos_request_deserializes_camel_case ... ok
test models::pago_generacion::tests::preview_pagos_query_deserializes_with_dia ... ok
test models::pago_generacion::tests::pago_preview_serializes_to_camel_case ... ok
test models::pago_generacion::tests::preview_pagos_query_deserializes_without_dia ... ok
test models::pago_generacion::tests::preview_pagos_response_serializes_to_camel_case ... ok
test models::reporte::tests::historial_pago_entry_serializes_to_camel_case ... ok
test models::reporte::tests::historial_pago_entry_serializes_null_fecha_pago ... ok
test models::reporte::tests::historial_pagos_query_deserializes_camel_case ... ok
test models::reporte::tests::ingreso_report_query_deserializes_partial_fields ... ok
test models::reporte::tests::ingreso_report_query_deserializes_camel_case_all_fields ... ok
test models::reporte::tests::ingreso_report_summary_serializes_to_camel_case ... ok
test models::reporte::tests::ingreso_report_row_serializes_to_camel_case ... ok
test models::reporte::tests::rentabilidad_report_query_deserializes_required_only ... ok
test models::reporte::tests::rentabilidad_report_row_serializes_to_camel_case ... ok
test models::reporte::tests::rentabilidad_report_summary_serializes_to_camel_case ... ok
test models::reportes_dgii::tests::itbis_neto_result_serializes_correctly ... ok
test models::reportes_dgii::tests::registro_606_serializes_camel_case ... ok
test models::reporte::tests::rentabilidad_report_query_deserializes_all_fields ... ok
test models::reportes_dgii::tests::registro_607_deserializes_from_camel_case ... ok
test models::reportes_dgii::tests::registro_607_serializes_camel_case ... ok
test models::reportes_dgii::tests::reporte_generado_serializes_correctly ... ok
test models::reportes_dgii::tests::registro_excluido_serializes_correctly ... ok
test models::unidad::tests::create_unidad_request_deserializes_camel_case ... ok
test models::unidad::tests::create_unidad_request_deserializes_required_only ... ok
test models::unidad::tests::ocupacion_resumen_serializes_to_camel_case ... ok
test models::unidad::tests::unidad_list_query_empty ... ok
test models::unidad::tests::unidad_list_query_with_filters ... ok
test models::unidad::tests::unidad_response_serializes_to_camel_case ... ok
test models::unidad::tests::update_unidad_request_deserializes_partial ... ok
test models::usuario::tests::cambiar_rol_request_deserializes_camel_case ... ok
test models::usuario::tests::cambiar_rol_request_rejects_missing_field ... ok
test models::usuario::tests::usuario_response_serializes_to_camel_case ... ok
test services::ai_module::tests::compose_system_prompt_all_rules_disabled_omits_header ... ok
test services::ai_module::tests::compose_system_prompt_with_tenant_no_faqs ... ok
test services::ai_module::tests::get_enabled_tools_none_enabled ... ok
test services::ai_module::tests::get_enabled_tools_partial_capabilities ... ok
test services::ai_module::tests::get_enabled_tools_balance_queries_registers_both_tools ... ok
test services::auditoria::tests::from_model_converts_created_at_to_utc ... ok
test services::auth::tests::decode_expired_jwt_fails ... ok
test services::ai_module::tests::compose_system_prompt_with_guidance_rules ... ok
test services::auth::tests::inactive_user_error_message_is_cuenta_inactiva ... ok
test services::background_jobs::tests::intervalo_marcar_pagos_is_hourly ... ok
test services::ai_module::tests::compose_system_prompt_without_optional_fields ... ok
test services::ai_module::tests::get_enabled_tools_all_enabled ... ok
test services::ai_module::guardrail_hook_pbt::test_output_safety_filter_correctness ... ok
test services::auditoria::tests::create_auditoria_entry_holds_correct_fields ... ok
test services::auditoria::tests::create_entry_with_empty_cambios ... ok
test services::auditoria::tests::from_model_all_entity_types ... ok
test services::ai_module_pbt::test_tool_args_round_trip_extract_receipt ... ok
test services::auditoria::tests::from_model_preserves_complex_cambios ... ok
test services::auth::tests::decode_jwt_with_wrong_secret_fails ... ok
test services::auth::tests::encode_decode_jwt_roundtrip ... ok
test services::ai_module::tests::compose_system_prompt_includes_all_elements ... ok
test services::background_jobs::tests::intervalo_default_is_daily ... ok
test services::background_jobs::tests::tareas_validas_contains_expected_names ... ok
test services::baileys_client::tests::new_creates_client_with_trimmed_url ... ok
test services::ai_module_pbt::test_selective_tool_registration_completeness ... ok
test services::ai_module::tests::compose_system_prompt_rules_sorted_by_sort_order ... ok
test services::auditoria::tests::from_model_all_action_types ... ok
test services::auditoria::tests::from_model_converts_all_fields ... ok
test services::ai_module_pbt::test_tool_args_round_trip_handoff_to_human ... ok
test services::chatbot::tests::enforce_config_role_allows_admin ... ok
test services::background_jobs::tests::tareas_validas_rejects_invalid_names ... ok
test services::baileys_client::tests::new_preserves_url_without_trailing_slash ... ok
test services::chatbot::tests::default_config_response_has_expected_defaults ... ok
test services::chatbot::tests::enforce_config_role_rejects_visualizador ... ok
test services::chatbot::tests::normalize_preserves_plus_prefix ... ok
test services::chatbot::tests::normalize_rejects_all_zeros ... ok
test services::chatbot::tests::normalize_rejects_empty_input ... ok
test services::chatbot::tests::normalize_rejects_fewer_than_7_digits ... ok
test services::chatbot::tests::normalize_removes_trunk_zero ... ok
test services::chatbot::tests::normalize_strips_dashes_and_prepends_country_code ... ok
test services::chatbot::tests::normalize_already_valid_e164_unchanged ... ok
test services::chatbot::tests::validate_config_accepts_all_valid_sender_policies ... ok
test services::chatbot::tests::validate_config_accepts_empty_partial_update ... ok
test services::chatbot::tests::enforce_config_role_allows_gerente ... ok
test services::ai_module_pbt::test_tool_args_round_trip_create_maintenance_request ... ok
test services::chatbot::tests::enforce_config_role_rejects_unknown_role ... ok
test services::chatbot::tests::normalize_strips_spaces_and_parens ... ok
test services::chatbot::tests::validate_config_rejects_empty_display_name ... ok
test services::chatbot::tests::validate_config_rejects_empty_faq_answer ... ok
test services::chatbot::tests::validate_config_rejects_empty_tone ... ok
test services::chatbot::tests::validate_config_rejects_faq_answer_over_1000 ... ok
test services::chatbot::tests::validate_config_accepts_boundary_values ... ok
test services::chatbot::tests::normalize_rejects_invalid_characters ... ok
test services::chatbot::tests::validate_config_rejects_display_name_over_100 ... ok
test services::ai_module_pbt::test_tool_args_round_trip_get_payment_history ... ok
test services::ai_module_pbt::test_tool_args_round_trip_query_balance ... ok
test services::chatbot::tests::normalize_with_plus_removes_trunk_zeros ... ok
test services::chatbot::tests::validate_config_rejects_empty_faq_question ... ok
test services::chatbot::tests::validate_config_rejects_history_limit_zero ... ok
test services::chatbot::tests::validate_config_accepts_valid_full_update ... ok
test services::chatbot::tests::validate_config_rejects_tone_over_50 ... ok
test services::chatbot::tests::normalize_trims_whitespace ... ok
test services::chatbot::tests::validate_e164_rejects_missing_plus ... ok
test services::chatbot::tests::validate_config_rejects_invalid_sender_policy ... ok
test services::chatbot::tests::validate_config_rejects_faq_question_over_200 ... ok
test services::chatbot::tests::validate_config_rejects_more_than_50_faqs ... ok
test services::chatbot::tests::validate_config_rejects_history_limit_over_50 ... ok
test services::chatbot::tests::validate_config_rejects_retention_days_zero ... ok
test services::chatbot::tests::validate_e164_accepts_valid_dr_number ... ok
test services::chatbot::tests::validate_e164_rejects_empty_after_plus ... ok
test services::chatbot::tests::validate_e164_rejects_leading_zero_after_plus ... ok
test services::chatbot::tests::validate_e164_accepts_maximum_length ... ok
test services::chatbot::tests::validate_e164_rejects_non_digit_chars ... ok
test services::chatbot::tests::validate_e164_rejects_spaces ... ok
test services::chatbot::tests::validate_e164_rejects_empty_string ... ok
test services::chatbot_pbt::balance_empty_payments_produces_empty_totals ... ok
test services::chatbot_pbt::confidence_low_threshold ... ok
test services::chatbot::tests::validate_config_rejects_retention_days_over_365 ... ok
test services::chatbot_pbt::confidence_mapping_exhaustive ... ok
test services::chatbot_pbt::confidence_medium_threshold ... ok
test services::chatbot_pbt::allowlist_denies_phone_not_in_list ... ok
test services::chatbot::tests::validate_e164_accepts_minimum_length ... ok
test services::chatbot_pbt::ai_invoked_only_when_active_and_authorized ... ok
test services::chatbot_pbt::check_sender_policy_allowlist_correctness ... ok
test services::chatbot::tests::validate_config_rejects_policies_over_5000 ... ok
test services::chatbot_pbt::allowlist_denies_when_none ... ok
test services::chatbot_pbt::confidence_high_threshold ... ok
test services::chatbot_pbt::confidence_mapping_monotonic ... ok
test services::chatbot_pbt::balance_excludes_paid_payments ... ok
test services::chatbot_pbt::allowlist_allows_phone_in_list ... ok
test services::chatbot_pbt::balance_calculation_sums_outstanding_only ... ok
test services::chatbot_pbt::confirm_pending_sets_confirmed_with_user ... ok
test services::chatbot_pbt::currency_format_has_two_decimal_places ... ok
test services::chatbot::tests::validate_e164_rejects_too_many_digits ... ok
test services::chatbot_pbt::disabled_capabilities_never_produce_tools ... ok
test services::chatbot_pbt::handoff_active_ai_never_invoked ... ok
test services::chatbot_pbt::handoff_set_is_idempotent ... ok
test services::chatbot_pbt::handoff_set_then_clear_returns_to_normal ... ok
test services::chatbot_pbt::balance_never_mixes_currencies ... ok
test services::chatbot_pbt::enabled_capabilities_always_produce_tools ... ok
test services::chatbot_pbt::currency_format_never_mixes_symbols ... ok
test services::chatbot_pbt::currency_format_dop_contains_correct_symbol ... ok
test services::chatbot_pbt::pending_only_transitions_to_confirmed_or_rejected ... ok
test services::chatbot_pbt::currency_format_usd_contains_correct_symbol ... ok
test services::chatbot_pbt::confirm_non_pending_is_rejected ... ok
test services::chatbot_pbt::normalize_phone_is_idempotent ... ok
test services::chatbot_pbt::normalize_phone_output_always_valid_e164 ... ok
test services::chatbot_pbt::handoff_cleared_ai_resumes ... ok
test services::chatbot_pbt::maintenance_rejects_short_description ... ok
test services::chatbot_pbt::invalid_e164_numbers_are_rejected ... ok
test services::chatbot_pbt::handoff_ai_invocation_consistent_with_state ... ok
test services::chatbot_pbt::inactive_org_never_invokes_ai ... ok
test services::chatbot_pbt::rbac_admin_always_allowed ... ok
test services::chatbot_pbt::maintenance_defaults_no_priority ... ok
test services::chatbot_pbt::rbac_gerente_always_allowed ... ok
test services::chatbot_pbt::maintenance_rejects_invalid_priority ... ok
test services::chatbot_pbt::receipt_routing_high_confidence_resolved_tenant ... ok
test services::chatbot_pbt::receipt_routing_always_pending_confirmation ... ok
test services::chatbot_pbt::maintenance_defaults_explicit_priority ... ok
test services::chatbot_pbt::rbac_non_admin_roles_always_forbidden ... ok
test services::chatbot_pbt::reject_non_pending_is_rejected ... ok
test services::chatbot_pbt::pending_receipts_scoped_to_org ... ok
test services::chatbot_pbt::conversation_persistence_completeness_all_fields_present ... ok
test services::chatbot_pbt::pending_receipts_includes_all_pending_in_org ... ok
test services::chatbot_pbt::pending_receipts_excludes_non_pending ... ok
test services::chatbot_pbt::maintenance_always_linked_to_property ... ok
test services::chatbot_pbt::conversation_persistence_generates_valid_id ... ok
test services::chatbot_pbt::retention_cleanup_boundary_message_is_preserved ... ok
test services::chatbot_pbt::receipt_routing_medium_low_always_pending_confirmation ... ok
test services::chatbot_pbt::retention_cleanup_deletes_expired_messages ... ok
test services::chatbot_pbt::retention_cleanup_partition_is_exhaustive ... ok
test services::chatbot_pbt::reject_pending_sets_rejected ... ok
test services::chatbot_pbt::tenants_only_requires_db_lookup ... ok
test services::chatbot_pbt::tool_registration_matches_capabilities_exactly ... ok
test services::chatbot_pbt::retention_cleanup_preserves_recent_messages ... ok
test services::chatbot_pbt::unauthorized_sender_never_invokes_ai ... ok
test services::chatbot_pbt::tenants_and_prospects_always_allows ... ok
test services::chatbot_pbt::system_prompt_contains_greeting_when_present ... ok
test services::chatbot_pbt::valid_e164_numbers_are_accepted ... ok
test services::chatbot_pbt::pipeline_decision_with_sender_policy ... ok
test services::chatbot_pbt::system_prompt_contains_policies_when_present ... ok
test services::chatbot_pbt::unrecognized_policy_always_denies ... ok
test services::chatbot_pbt::system_prompt_contains_tone_when_present ... ok
test services::condominios::tests::billing_cuota_not_passthrough_excluded ... ok
test services::chatbot_pbt::system_prompt_ignores_deprecated_system_prompt_field ... ok
test services::chatbot_pbt::system_prompt_contains_tenant_name_when_resolved ... ok
test services::chatbot_pbt::webhook_auth_missing_token_always_rejected ... ok
test services::condominios::tests::billing_no_cuota_comercial_registered ... ok
test services::condominios::tests::billing_persona_fisica_comercial_applies_itbis ... ok
test services::condominios::tests::billing_zero_base_with_cuota ... ok
test services::configuracion::tests::moneda_config_serialization_roundtrip ... ok
test services::chatbot_pbt::webhook_auth_valid_token_always_accepted ... ok
test services::condominios_pbt::condominium_fee_increase_uncapped ... ok
test services::chatbot_pbt::webhook_auth_invalid_token_always_rejected ... ok
test services::chatbot_pbt::system_prompt_contains_handoff_keywords_when_provided ... ok
test services::configuracion::tests::recargo_defecto_response_serialization_none ... ok
test services::configuracion::tests::update_moneda_request_deserialization ... ok
test services::configuracion::tests::update_recargo_defecto_request_deserialization ... ok
test services::chatbot_pbt::history_windowing_returns_min_m_n ... ok
test services::condominios::tests::billing_with_cuota_comercial_registered ... ok
test services::chatbot_pbt::webhook_auth_constant_time_eq_correctness ... ok
test services::condominios::tests::billing_with_cuota_residencial_registered_no_itbis ... ok
test services::condominios_pbt::billing_desglose_with_condominium_fee ... ok
test services::configuracion::tests::recargo_defecto_response_serialization ... ok
test services::chatbot_pbt::conversation_persistence_both_roles_complete ... ok
test services::condominios::tests::billing_with_cuota_comercial_informal_no_itbis ... ok
test services::condominios_pbt::condominium_fee_change_temporal_boundary ... ok
test services::contratos::tests::transicion_cobrado_a_pendiente_err ... ok
test services::contratos::tests::transicion_cobrado_a_devuelto_ok ... ok
test services::contratos::tests::transicion_devuelto_a_cobrado_err ... ok
test services::chatbot_pbt::history_windowing_returns_most_recent ... ok
test services::contratos::tests::transicion_devuelto_a_pendiente_err ... ok
test services::contratos::tests::transicion_devuelto_a_retenido_err ... ok
test services::chatbot_pbt::maintenance_rejects_long_description ... ok
test services::contratos::tests::transicion_pendiente_a_cobrado_ok ... ok
test services::dashboard::tests::normalizar_moneda_same_currency ... ok
test services::dashboard::tests::normalizar_moneda_usd_to_dop ... ok
test services::contratos::tests::transicion_pendiente_a_retenido_err ... ok
test services::dashboard::tests::normalizar_moneda_zero_rate_returns_original ... ok
test services::dashboard::tests::ocupacion_tasa_zero_properties ... ok
test services::contratos::tests::transicion_retenido_a_cobrado_err ... ok
test services::dashboard::tests::color_coding_amarillo_30_to_60_days ... ok
test services::contratos::tests::transicion_cobrado_a_retenido_ok ... ok
test services::dashboard::tests::color_coding_boundary_60_days ... ok
test services::dashboard::tests::ingreso_diferencia_when_fully_collected ... ok
test services::dashboard::tests::months_between_one_month ... ok
test services::dashboard::tests::months_between_trimestral ... ok
test services::dashboard::tests::normalizar_moneda_dop_to_usd ... ok
test services::chatbot_pbt::system_prompt_contains_all_faq_entries ... ok
test services::contratos::tests::transicion_pendiente_a_devuelto_err ... ok
test services::dashboard::tests::ocupacion_tasa_calculation ... ok
test services::contratos::tests::transicion_retenido_a_devuelto_err ... ok
test services::dashboard::tests::porcentaje_cambio_equal_months ... ok
test services::dashboard::tests::porcentaje_cambio_increase ... ok
test services::contratos::tests::transicion_retenido_a_pendiente_err ... ok
test services::dashboard::tests::porcentaje_cambio_zero_previous_zero_actual ... ok
test services::dashboard::tests::rentabilidad_neta_basic_calculation ... ok
test services::dashboard::tests::rentabilidad_neta_negative_result ... ok
test services::dashboard::tests::rentabilidad_neta_unreliable_below_threshold ... ok
test services::dashboard::tests::color_coding_boundary_30_days ... ok
test services::dashboard::tests::color_coding_rojo_under_30_days ... ok
test services::dashboard::tests::color_coding_verde_over_60_days ... ok
test services::dashboard::tests::ingreso_diferencia_calculation ... ok
test services::dashboard_comparativo_pbt::currency_normalization_roundtrip ... ok
test services::dashboard::tests::months_between_end_before_start ... ok
test services::dashboard::tests::porcentaje_cambio_decrease ... ok
test services::dashboard::tests::porcentaje_cambio_zero_previous_positive_actual ... ok
test services::dashboard::tests::rentabilidad_neta_capped_at_200 ... ok
test services::dashboard::tests::rentabilidad_neta_zero_valor_catastral ... ok
test services::dashboard_comparativo_pbt::currency_normalization_dop_to_usd ... ok
test services::dashboard::tests::rentabilidad_neta_reliable_at_threshold ... ok
test services::dashboard_comparativo_pbt::currency_normalization_same_currency_identity ... ok
test services::dashboard_comparativo_pbt::no_date_range_means_no_computed_metrics ... ok
test services::documento_editor::tests::group_lines_close_lines_same_paragraph ... ok
test services::documento_editor::tests::group_lines_empty_input ... ok
test services::documento_editor::tests::group_lines_single_line ... ok
test services::dashboard_comparativo_pbt::currency_normalization_usd_to_dop ... ok
test services::dashboard_comparativo_pbt::rentabilidad_neta_never_exceeds_200 ... ok
test services::dashboard_comparativo_pbt::rentabilidad_neta_formula_correct ... ok
test services::documento_editor::tests::group_lines_far_lines_different_paragraphs ... ok
test services::dashboard_comparativo_pbt::with_date_range_metrics_are_computed ... ok
test services::dashboard_comparativo_pbt::rentabilidad_neta_zero_valor_catastral_returns_zero ... ok
test services::documento_editor::tests::merge_plantilla_fields_with_empty_structured_fields ... ok
test services::dashboard_comparativo_pbt::rentabilidad_neta_unreliable_below_threshold ... ok
test services::dashboard_comparativo_pbt::currency_normalization_zero_rate_returns_original ... ok
test services::auth::tests::verify_wrong_password_fails ... ok
test services::chatbot_pbt::config_round_trip_preserves_all_fields ... ok
test services::documentos::tests::estado_for_tipo_prefers_verificado_over_others ... ok
test services::auth::tests::hash_and_verify_password_succeeds ... ok
test services::documentos::tests::get_upload_dir_returns_default ... ok
test services::documentos::tests::get_upload_dir_returns_env_value ... ok
test services::documentos::tests::estado_for_tipo_prefers_pendiente_over_vencido ... ok
test services::documentos::tests::estado_for_tipo_returns_faltante_when_no_docs ... ok
test services::documentos::tests::estado_for_tipo_returns_pendiente_when_pending ... ok
test services::documentos::tests::estado_for_tipo_returns_vencido_when_expired ... ok
test services::chatbot_pbt::system_prompt_composition_completeness_combined ... ok
test services::documentos::tests::model_to_response_converts_optional_fields ... ok
test services::documentos::tests::nombre_tipo_documento_returns_otro_for_unknown ... ok
test services::documentos::tests::estado_for_tipo_ignores_other_types ... ok
test services::documento_editor::tests::merge_plantilla_fields_resolves_placeholders ... ok
test services::documento_editor::tests::group_lines_confidence_below_threshold_flagged ... ok
test services::documentos::tests::nombre_tipo_documento_returns_spanish_names ... ok
test services::documentos::tests::estado_for_tipo_returns_rechazado_when_rejected ... ok
test services::documentos::tests::model_to_response_converts_all_fields ... ok
test services::documentos::tests::requeridos_for_entity_returns_inquilino_required ... ok
test services::documentos::tests::requeridos_for_entity_returns_none_for_gasto ... ok
test services::documentos::tests::requeridos_for_entity_returns_none_for_pago ... ok
test services::documentos::tests::estado_for_tipo_returns_presente_when_verified ... ok
test services::documentos::tests::sanitize_filename_strips_backslashes ... ok
test services::documentos::tests::sanitize_filename_strips_path_separators ... ok
test services::documentos::tests::valid_estados_verificacion_rejects_unknown ... ok
test services::documentos::tests::requeridos_for_entity_returns_none_for_unknown ... ok
test services::documentos::tests::requeridos_for_entity_returns_propiedad_required ... ok
test services::documentos::tests::validate_entity_type_rejects_traversal ... ok
test services::documentos::tests::sanitize_filename_rejects_empty ... ok
test services::documentos::tests::requeridos_for_entity_returns_contrato_required ... ok
test services::documentos::tests::valid_estados_verificacion_contains_expected_values ... ok
test services::documentos::tests::validate_mime_type_rejects_empty ... ok
test services::documentos::tests::validate_mime_type_rejects_text ... ok
test services::documentos::tests::validate_entity_type_accepts_allowed ... ok
test services::documentos::tests::validate_mime_type_accepts_jpeg ... ok
test services::documentos::tests::sanitize_filename_preserves_normal_name ... ok
test services::documentos::tests::validate_mime_type_accepts_pdf ... ok
test services::documentos::tests::validate_file_size_accepts_exactly_10mb ... ok
test services::file_validation::tests::empty_file_rejected ... ok
test services::documentos::tests::validate_mime_type_accepts_png ... ok
test services::documentos::tests::validate_mime_type_rejects_gif ... ok
test services::documentos::tests::validate_file_size_rejects_over_10mb ... ok
test services::documentos::tests::validate_tipo_documento_accepts_any_for_mantenimiento ... ok
test services::documentos::tests::validate_tipo_documento_accepts_valid_contrato_types ... ok
test services::documentos::tests::validate_tipo_documento_accepts_valid_inquilino_types ... ok
test services::documentos::tests::validate_entity_type_rejects_unknown ... ok
test services::documentos::tests::validate_tipo_documento_accepts_valid_propiedad_types ... ok
test services::documentos::tests::validate_tipo_documento_cross_entity_rejection ... ok
test services::documentos::tests::validate_tipo_documento_rejects_invalid_type_for_entity ... ok
test services::documentos::tests::validate_tipo_documento_shared_types_across_entities ... ok
test services::documentos::tests::validate_file_size_accepts_small_file ... ok
test services::documentos::tests::validate_tipo_documento_accepts_valid_pago_types ... ok
test services::documentos::tests::validate_tipo_documento_rejects_unknown_type ... ok
test services::documentos::tests::validate_file_size_accepts_zero ... ok
test services::documentos::tests::validate_tipo_documento_accepts_valid_gasto_types ... ok
test services::file_validation::tests::jpeg_declared_but_pdf_bytes_rejected ... ok
test services::file_validation::tests::unknown_content_type_rejected ... ok
test services::file_validation::tests::valid_png_bytes_accepted ... ok
test services::file_validation::tests::valid_xlsx_bytes_accepted ... ok
test services::file_validation::tests::valid_docx_bytes_accepted ... ok
test services::file_validation::tests::valid_jpeg_bytes_accepted ... ok
test services::file_validation::tests::valid_pdf_bytes_accepted ... ok
test services::fiscal::tests::verificar_acceso_fiscal_permite_persona_fisica ... ok
test services::firmas_pbt::firmante_tipo_inquilino_for_other_roles ... ok
test services::firmas_pbt::firmante_tipo_propietario_for_admin_gerente ... ok
test services::firmas_pbt::token_access_rejects_expired_token ... ok
test services::fiscal::tests::verificar_acceso_fiscal_permite_persona_juridica ... ok
test services::fiscal_pbt::fiscal_feature_access_gate ... ok
test services::fiscal_pbt::tipo_fiscal_transition_rejects_missing_identifier_persona_juridica ... ok
test services::fiscal_pbt::rnc_check_digit_round_trip ... ok
test services::fiscal_pbt::tipo_fiscal_transition_requires_valid_identifier_persona_fisica ... ok
test services::fiscal::tests::verificar_acceso_fiscal_rechaza_informal ... ok
test services::gastos::tests::from_model_with_none_optional_fields ... ok
test services::firmas_pbt::validar_firma_imagen_rejects_invalid_base64 ... ok
test services::fiscal_pbt::tipo_fiscal_transition_rejects_missing_identifier_persona_fisica ... ok
test services::gastos::tests::categorias_gasto_contains_expected_values ... ok
test services::firmas_pbt::validar_firma_imagen_accepts_valid_base64 ... ok
test services::fiscal::tests::verificar_acceso_fiscal_returns_403_status ... ok
test services::gastos::tests::estados_gasto_rejects_invalid ... ok
test services::fiscal_pbt::tipo_fiscal_transition_rejects_invalid_cedula ... ok
test services::fiscal_pbt::tipo_fiscal_transition_rejects_invalid_rnc ... ok
test services::fiscal_pbt::cedula_luhn_round_trip ... ok
test services::gastos::tests::from_model_all_estados ... ok
test services::gastos::tests::from_model_converts_all_fields ... ok
test services::gastos::tests::from_model_converts_created_at_to_utc ... ok
test services::gastos::tests::from_model_with_unidad_id ... ok
test services::gastos::tests::categorias_gasto_rejects_invalid ... ok
test services::gastos::tests::estados_gasto_contains_expected_values ... ok
test services::importacion::tests::find_column_index_finds_existing_column ... ok
test services::gastos::tests::from_model_all_categorias ... ok
test services::importacion::tests::gastos_csv_with_optional_columns_only ... ok
test services::firmas_pbt::signature_record_completeness ... ok
test services::gastos::tests::monedas_contains_expected_values ... ok
test services::gastos::tests::monedas_rejects_invalid ... ok
test services::importacion::tests::find_column_index_returns_none_for_missing ... ok
test services::importacion::tests::gastos_column_index_lookup ... ok
test services::importacion::tests::gastos_uuid_parsing_invalid ... ok
test services::importacion::tests::gastos_fecha_parsing_invalid ... ok
test services::importacion::tests::get_field_returns_empty_for_out_of_bounds ... ok
test services::importacion::tests::gastos_monto_parsing_invalid ... ok
test services::importacion::tests::gastos_monto_parsing_valid ... ok
test services::importacion::tests::gastos_optional_columns_missing_from_headers ... ok
test services::importacion::tests::gastos_required_field_validation_all_missing ... ok
test services::importacion::tests::gastos_required_field_validation_partial_missing ... ok
test services::importacion::tests::gastos_uuid_parsing_valid ... ok
test services::importacion::tests::parse_csv_rows_parses_headers_and_data ... ok
test services::importacion::tests::get_field_returns_empty_for_none_index ... ok
test services::importacion::tests::get_field_returns_value_at_index ... ok
test services::importacion::tests::import_format_equality ... ok
test services::importacion::tests::parse_csv_rows_empty_file_returns_headers_only ... ok
test services::importacion::tests::validate_propiedad_required_fields ... ok
test services::importacion::tests::gastos_fecha_parsing_valid ... ok
test services::fiscal_pbt::tipo_fiscal_transition_requires_valid_identifier_persona_juridica ... ok
test services::importacion::tests::validate_inquilino_required_fields ... ok
test services::indexacion_pbt::indexation_60_day_trigger_outside_window ... ok
test services::importacion::tests::parse_csv_rows_trims_whitespace ... ok
test services::ipi::tests::calcular_ipi_monto_zero_valor ... ok
test services::importacion::tests::precio_parsing_invalid ... ok
test services::importacion::tests::precio_parsing_valid ... ok
test services::importacion::tests::parse_csv_rows_gastos_columns ... ok
test services::ipi::tests::determinar_proxima_fecha_after_both_payments ... ok
test services::ipi::tests::determinar_proxima_fecha_before_first_payment ... ok
test services::ipi::tests::calcular_ipi_monto_above_threshold ... ok
test services::indexacion_pbt::indexation_60_day_trigger_within_window ... ok
test services::indexacion_pbt::indexation_no_trigger_for_expired_contracts ... ok
test services::indexacion_pbt::indexation_anniversary_alignment ... ok
test services::indexacion_pbt::next_anniversary_returns_correct_date ... ok
test services::indexacion_pbt::rent_indexation_cap_applied_when_ipc_above_10 ... ok
test services::indexacion_pbt::rent_indexation_formula_with_legal_cap ... ok
test services::indexacion_pbt::rent_indexation_uses_actual_ipc_when_below_cap ... ok
test services::ipi::tests::calcular_ipi_proporcional_100_percent ... ok
test services::ipi::tests::calcular_ipi_proporcional_50_percent ... ok
test services::ipi::tests::calcular_ipi_proporcional_zero_percent ... ok
test services::ipi::tests::determinar_proxima_fecha_between_payments ... ok
test services::ipi::tests::validar_porcentajes_exceeds_100 ... ok
test services::ipi::tests::calcular_ipi_monto_below_threshold ... ok
test services::ipi::tests::calcular_ipi_proporcional_thirds ... ok
test services::ipi::tests::calcular_ipi_monto_at_threshold ... ok
test services::ipi::tests::validar_porcentajes_valid_sum ... ok
test services::ipi_pbt::ipi_calculation_formula ... ok
test services::ipi_pbt::ipi_coowner_individual_share_formula ... ok
test services::ipi_pbt::ipi_coowner_proportional_sum_equals_total ... ok
test services::ipi::tests::validar_porcentajes_invalid_sum ... ok
test services::ipi_pbt::ipi_never_negative ... ok
test services::itbis::tests::itbis_comercial_informal_is_zero ... ok
test services::itbis::tests::itbis_custom_rate_16_percent ... ok
test services::itbis::tests::retencion_persona_fisica_is_zero ... ok
test services::itbis_pbt::itbis_always_applied_for_registered_commercial ... ok
test services::ipi_pbt::ipi_coowner_zero_ownership_pays_nothing ... ok
test services::ipi_pbt::ipi_rate_is_one_percent ... ok
test services::itbis::tests::itbis_comercial_persona_juridica ... ok
test services::ipi_pbt::ipi_zero_at_threshold ... ok
test services::itbis::tests::itbis_residencial_informal_is_zero ... ok
test services::itbis::tests::itbis_unknown_property_type_is_zero ... ok
test services::itbis_pbt::itbis_no_retention_for_non_juridica_tenants ... ok
test services::itbis::tests::retencion_persona_juridica ... ok
test services::ipi_pbt::ipi_coowner_full_ownership_gets_full_amount ... ok
test services::itbis_pbt::itbis_applies_only_when_registered_and_commercial ... ok
test services::itbis_pbt::payment_amount_invariant_custom_rate ... ok
test services::itbis_pbt::itbis_retention_split_persona_juridica ... ok
test services::itbis::tests::retencion_zero_itbis ... ok
test services::itbis_pbt::itbis_zero_for_residential_any_fiscal_type ... ok
test services::login_lockout::tests::cleanup_removes_expired_entries ... ok
test services::itbis::tests::itbis_industrial_persona_fisica ... ok
test services::itbis_pbt::payment_amount_invariant ... ok
test services::itbis::tests::itbis_residencial_persona_juridica_is_zero ... ok
test services::itbis::tests::itbis_zero_base_amount ... ok
test services::itbis::tests::retencion_informal_is_zero ... ok
test services::documento_editor_pbt::docx_export_produces_valid_zip_output ... ok
test services::login_lockout::tests::lockout_expires_after_duration ... ok
test services::login_lockout::tests::lockout_triggers_at_threshold ... ok
test services::login_lockout::tests::reset_on_success ... ok
test services::login_lockout::tests::counter_increments_on_failure ... ok
test services::mantenimiento::tests::from_nota_model_converts_created_at_to_utc ... ok
test services::mantenimiento::tests::from_solicitud_model_with_none_optional_fields ... ok
test services::mantenimiento::tests::validar_transicion_completado_a_completado_err ... ok
test services::mantenimiento::tests::validar_transicion_en_progreso_a_completado_ok ... ok
test services::login_lockout::tests::different_emails_are_independent ... ok
test services::mantenimiento::tests::from_nota_model_converts_all_fields ... ok
test services::itbis_pbt::itbis_zero_for_informal_any_property ... ok
test services::mantenimiento::tests::validar_transicion_completado_a_pendiente_err ... ok
test services::mantenimiento::tests::validar_transicion_pendiente_a_completado_err ... ok
test services::login_lockout::tests::window_expiry_resets_counter ... ok
test services::mantenimiento::tests::validar_transicion_completado_a_en_progreso_err ... ok
test services::mantenimiento::tests::validar_transicion_en_progreso_a_pendiente_err ... ok
test services::firmas_pbt::docx_export_produces_valid_output ... ok
test services::mail::message::tests::signature_link_mail_contains_contract_id_and_link ... ok
test services::documento_editor_pbt::docx_export_preserves_all_text_content ... ok
test services::mantenimiento::tests::from_solicitud_model_converts_all_fields ... ok
test services::mantenimiento::tests::validar_transicion_pendiente_a_en_progreso_ok ... ok
test services::ncf::tests::configurar_rango_rechaza_prefijo_invalido ... ok
test services::ncf::tests::detecta_conflicto_serialization ... ok
test services::ncf::tests::formato_ncf_invalido_muy_corto ... ok
test services::ncf::tests::formato_ncf_invalido_muy_largo ... ok
test services::ncf::tests::ncf_construction_overflow_detection ... ok
test services::ncf::tests::tipo_ncf_code_mapping ... ok
test services::ncf::tests::detecta_conflicto_duplicate_key ... ok
test services::ncf::tests::formato_ncf_invalido_con_letras_en_numeros ... ok
test services::notificaciones::tests::from_model_converts_created_at_to_utc ... ok
test services::ncf::tests::formato_ncf_invalido_minusculas ... ok
test services::ncf::tests::formato_ncf_invalido_sin_letra ... ok
test services::ncf::tests::formato_ncf_valido_b02_max ... ok
test services::ncf::tests::formato_ncf_valido_ecf ... ok
test services::ncf::tests::ncf_construction_b02_large_number ... ok
test services::ncf::tests::ncf_construction_ecf_format ... ok
test services::ncf::tests::ncf_construction_format ... ok
test services::ncf::tests::no_conflicto_otro_error_interno ... ok
test services::ncf::tests::no_conflicto_validation_error ... ok
test services::ncf::tests::configurar_rango_rechaza_rango_invertido ... ok
test services::notificaciones::tests::tipos_notificacion_contains_expected_values ... ok
test services::ncf::tests::detecta_conflicto_deadlock ... ok
test services::notificaciones::tests::dias_anticipacion_is_30 ... ok
test services::ncf::tests::detecta_conflicto_unique_constraint ... ok
test services::ocr_mapping::tests::currency_invalid_returns_error ... ok
test services::notificaciones::tests::from_model_with_leida_true ... ok
test services::ncf::tests::formato_ncf_invalido_vacio ... ok
test services::ncf::tests::formato_ncf_valido_b01 ... ok
test services::ncf::tests::parse_tipo_ncf_invalido ... ok
test services::ncf::tests::parse_tipo_ncf_valido ... ok
test services::ncf_pbt::ncf_sequential_gapless_generation ... ok
test services::notificaciones::tests::from_model_converts_all_fields ... ok
test services::ncf_pbt::ncf_range_boundary_enforcement ... ok
test services::notificaciones::tests::tipos_notificacion_rejects_invalid_values ... ok
test services::ocr_mapping::tests::currency_no_prefix_defaults_dop ... ok
test services::ncf_pbt::ncf_format_compliance ... ok
test services::ocr_mapping::tests::currency_trims_whitespace ... ok
test services::ocr_mapping::tests::currency_with_commas_no_prefix ... ok
test services::ocr_mapping::tests::currency_rd_prefix ... ok
test services::ocr_mapping::tests::currency_us_prefix ... ok
test services::ocr_mapping::tests::map_deposito_full_fields ... ok
test services::ocr_mapping::tests::map_deposito_missing_monto_returns_error ... ok
test services::ocr_mapping::tests::map_deposito_usd_currency ... ok
test services::ocr_mapping::tests::map_gasto_full_fields ... ok
test services::ocr_mapping::tests::map_deposito_metodo_pago_and_estado ... ok
test services::ocr_mapping::tests::parse_dd_mm_yy_boundary_49 ... ok
test services::ocr_mapping::tests::parse_dd_mm_yy_low_year ... ok
test services::ocr_mapping::tests::parse_dd_mm_yy_year_00 ... ok
test services::ocr_mapping::tests::map_gasto_minimal_fields ... ok
test services::ocr_mapping::tests::map_gasto_usd_currency ... ok
test services::ocr_mapping::tests::parse_dd_dash_mm_dash_yyyy ... ok
test services::ocr_mapping::tests::parse_yyyy_mm_dd ... ok
test services::ocr_mapping::tests::parse_dd_mm_yy_boundary_50 ... ok
test services::ocr_mapping::tests::parse_dd_slash_mm_slash_yyyy ... ok
test services::ocr_mapping::tests::parse_invalid_returns_error ... ok
test services::ocr_mapping_tests::tests::map_cedula_full_fields ... ok
test services::ocr_mapping_tests::tests::map_cedula_missing_cedula_field ... ok
test services::ocr_mapping_pbt::extract_response_contains_required_structure ... ok
test services::ocr_mapping_pbt::cedula_normalization_idempotent_and_format_preserving ... ok
test services::ocr_mapping_tests::tests::map_cedula_malformed_cedula ... ok
test services::ocr_mapping_tests::tests::map_cedula_missing_nombre_apellido ... ok
test services::ocr_mapping_tests::tests::map_contrato_full_fields ... ok
test services::ocr_mapping_tests::tests::map_contrato_missing_all_fields ... ok
test services::ocr_mapping::tests::parse_dd_mm_yy_high_year ... ok
test services::ocr_mapping::tests::parse_trims_whitespace ... ok
test services::ocr_mapping_tests::tests::map_deposito_extract_full_fields ... ok
test services::ocr_mapping_tests::tests::map_contrato_missing_monto_mensual ... ok
test services::ocr_mapping_tests::tests::map_gasto_extract_full_fields ... ok
test services::ocr_mapping_tests::tests::normalize_cedula_wrong_length ... ok
test services::ocr_mapping_pbt::field_confidence_matches_highest_matching_ocr_line ... ok
test services::ocr_mapping_pbt::map_cedula_produces_required_fields ... ok
test services::ocr_mapping_tests::tests::map_contrato_unparseable_dates ... ok
test services::ocr_mapping_pbt::map_contrato_graceful_degradation_without_monto ... ok
test services::ocr_mapping_tests::tests::normalize_cedula_already_formatted ... ok
test services::ocr_mapping_tests::tests::normalize_cedula_eleven_digits_no_dashes ... ok
test services::ocr_mapping_tests::tests::normalize_cedula_eleven_digits_with_dots ... ok
test services::ocr_mapping_tests::tests::normalize_cedula_empty_string ... ok
test services::ovms_provider::tests::deserialize_ovms_response_with_tool_calls ... ok
test services::ocr_mapping::tests::map_gasto_missing_monto_returns_error ... ok
test services::pago_generacion::tests::calcular_pagos_dia_31_february_leap_year_clamps_to_29 ... ok
test services::pago_generacion::tests::calcular_pagos_twelve_months_returns_twelve ... ok
test services::pago_generacion::tests::filtrar_existentes_all_existing_returns_empty ... ok
test services::pago_generacion::tests::filtrar_existentes_none_existing_returns_all ... ok
test services::pago_generacion::tests::validar_dia_vencimiento_1_returns_ok ... ok
test services::pago_generacion::tests::validar_dia_vencimiento_zero_returns_error ... ok
test services::pago_generacion::tests::calcular_pagos_dia_31_february_clamps_to_28 ... ok
test services::pago_generacion::tests::calcular_pagos_single_month_returns_one ... ok
test services::pagos_parciales_pbt::partial_payment_balance_tracking ... ok
test services::pago_generacion::tests::filtrar_existentes_some_existing_returns_missing ... ok
test services::pago_generacion::tests::validar_dia_vencimiento_31_returns_ok ... ok
test services::ocr_mapping_tests::tests::normalize_cedula_no_digits ... ok
test services::pago_generacion::tests::validar_dia_vencimiento_32_returns_error ... ok
test services::ovms_provider::tests::deserialize_ovms_response_without_id ... ok
test services::ovms_provider::tests::ovms_response_converts_to_rig_completion ... ok
test services::pagos_parciales_pbt::fifo_payment_allocation ... ok
test services::ovms_provider::tests::ovms_response_with_tool_calls_converts_to_rig ... ok
test services::pago_generacion::tests::calcular_pagos_same_day_returns_one ... ok
test services::ocr_mapping_pbt::map_contrato_produces_required_fields ... ok
test services::recargos::tests::calcular_recargo_cero_porciento ... ok
test services::plantillas_pbt::template_validation_rejects_empty_required_fields_tipo_documento ... ok
test services::ovms_provider::tests::deserialize_ovms_response_with_null_tool_calls ... ok
test services::plantillas_pbt::placeholder_resolution_works_on_json_values ... ok
test services::pagos_parciales_pbt::informal_receipt_uniqueness ... ok
test services::plantillas_pbt::template_crud_round_trip ... ok
test services::plantillas_pbt::template_validation_rejects_empty_required_fields_nombre ... ok
test services::ocr_mapping_pbt::document_type_passthrough ... ok
test services::recargos::tests::calcular_recargo_diez_porciento_con_decimales ... ok
test services::recargos::tests::calcular_recargo_redondeo_dos_decimales ... ok
test services::recargos::tests::parse_decimal_from_json_string ... ok
test services::recibos::tests::format_currency_dr_large_amount ... ok
test services::recibos::tests::format_currency_dr_small_amount ... ok
test services::recibos::tests::format_currency_dr_usd ... ok
test services::plantillas_pbt::template_soft_delete_removes_from_active_list ... ok
test services::recibos_informales::tests::formato_referencia_interna ... ok
test services::recibos_informales::tests::parse_referencia_interna ... ok
test services::plantillas_pbt::placeholder_resolution_replaces_all_matching_keys ... ok
test services::recargos::tests::calcular_recargo_cien_porciento ... ok
test services::recargos::tests::calcular_recargo_cinco_porciento ... ok
test services::recargos::tests::parse_decimal_from_json_invalid ... ok
test services::recargos::tests::parse_decimal_from_json_null ... ok
test services::recargos::tests::parse_decimal_from_json_number ... ok
test services::recibos::tests::format_currency_dr_dop ... ok
test services::recibos::tests::format_currency_dr_zero ... ok
test services::recibos::tests::format_date_dr_formats_correctly ... ok
test services::recibos::tests::format_date_dr_single_digit_day_and_month ... ok
test services::recibos_informales::tests::parse_referencia_interna_leading_zeros ... ok
test services::reportes::tests::empty_summary_preserves_generated_by ... ok
test services::reportes_dgii::tests::formatear_linea_606_basic ... ok
test services::reportes::tests::exportar_xlsx_with_mixed_statuses_produces_valid_file ... ok
test services::reportes::tests::empty_summary_returns_correct_defaults ... ok
test services::reportes_dgii::tests::generar_header_formato_correcto ... ok
test services::reportes::tests::exportar_xlsx_with_data_returns_valid_bytes ... ok
test services::reportes_dgii::tests::generar_header_zero_records ... ok
test services::reportes_dgii::tests::mapear_forma_pago_values ... ok
test services::reportes_dgii::tests::parse_periodo_valid ... ok
test services::reportes_dgii::tests::parse_periodo_december ... ok
test services::reportes_dgii_pbt::incomplete_record_exclusion ... ok
test services::reportes_dgii::tests::formatear_linea_607_basic ... ok
test services::reportes_dgii::tests::parse_periodo_february_leap_year ... ok
test services::reportes_dgii::tests::parse_periodo_invalid_length ... ok
test services::reportes_dgii::tests::parse_periodo_invalid_month ... ok
test services::reportes::tests::sample_summary_mixed_statuses_has_correct_totals ... ok
test services::reportes::tests::exportar_rentabilidad_xlsx_with_data_returns_valid_bytes ... ok
test services::reportes::tests::exportar_xlsx_empty_report_returns_valid_xlsx ... ok
test services::reportes_dgii::tests::formatear_linea_607_blank_ncf ... ok
test services::reportes_dgii_pbt::report_header_integrity ... ok
test services::reportes_dgii::tests::is_residencial_values ... ok
test services::reportes::tests::exportar_rentabilidad_xlsx_empty_report_returns_valid_xlsx ... ok
test services::reportes_dgii_pbt::itbis_neto_calculation ... ok
test services::reportes_dgii_pbt::report_607_monthly_filtering ... ok
test services::reportes_dgii_pbt::residential_income_607_zero_itbis ... ok
test services::unidades::tests::from_model_all_estados ... ok
test services::unidades::tests::from_model_converts_created_at_to_utc ... ok
test services::user_security_cache::tests::invalidate_removes_from_cache ... ok
test services::unidades::tests::estados_unidad_contains_expected_values ... ok
test services::unidades::tests::estados_unidad_rejects_invalid ... ok
test services::user_security_cache::tests::is_valid_returns_false_when_password_changed_after_iat ... ok
test services::unidades::tests::from_model_converts_all_fields ... ok
test services::unidades::tests::from_model_with_none_optional_fields ... ok
test services::validacion_fiscal::tests::formato_rnc_parse_rnc_roundtrip ... ok
test services::user_security_cache::tests::is_valid_returns_false_when_inactive ... ok
test services::user_security_cache::tests::is_valid_returns_true_when_active_and_token_after_password_change ... ok
test services::validacion_fiscal::tests::formato_cedula_parse_cedula_roundtrip ... ok
test services::validacion_fiscal::tests::validar_cedula_rechaza_longitud_corta ... ok
test services::validacion_fiscal::tests::validar_cedula_rechaza_digito_verificador_incorrecto ... ok
test services::validacion_fiscal::tests::validar_cedula_acepta_cedula_valida ... ok
test services::reportes_dgii_pbt::report_607_field_completeness ... ok
test services::validacion_fiscal::tests::validar_cedula_acepta_formato_con_guiones ... ok
test services::validacion_fiscal::tests::validar_ncf_acepta_ncf_valido ... ok
test services::validacion_fiscal::tests::validar_ncf_rechaza_sin_prefijo_letra ... ok
test services::validacion_fiscal::tests::validar_rnc_acepta_formato_con_guiones ... ok
test services::validacion_fiscal::tests::validar_rnc_rechaza_digito_verificador_incorrecto ... ok
test services::validacion_fiscal::tests::validar_ncf_rechaza_muchos_digitos ... ok
test services::validacion_fiscal::tests::validar_ncf_rechaza_cadena_vacia ... ok
test services::validacion_fiscal::tests::validar_ncf_rechaza_pocos_digitos ... ok
test services::validacion_fiscal::tests::validar_ncf_rechaza_prefijo_minuscula ... ok
test services::reportes_dgii_pbt::report_606_field_completeness ... ok
test services::validacion_fiscal::tests::validar_ncf_acepta_diferentes_prefijos ... ok
test services::validacion_fiscal::tests::validar_ncf_rechaza_solo_letras ... ok
test services::validacion_fiscal::tests::validar_ncf_rechaza_con_espacios ... ok
test services::validacion_fiscal::tests::validar_rnc_acepta_rnc_valido ... ok
test services::validacion_fiscal::tests::validar_rnc_rechaza_longitud_corta ... ok
test services::validation::tests::validate_enum_accepts_valid_role_admin ... ok
test services::validation::tests::validate_enum_accepts_valid_role_visualizador ... ok
test services::validacion_fiscal::tests::validar_cedula_rechaza_longitud_larga ... ok
test services::validacion_fiscal::tests::validar_ncf_rechaza_con_guiones ... ok
test services::validacion_fiscal::tests::validar_rnc_rechaza_longitud_larga ... ok
test services::validation::tests::validate_enum_accepts_valid_role_gerente ... ok
test services::validacion_fiscal::tests::validar_ncf_rechaza_letras_en_digitos ... ok
test services::validation::tests::validate_enum_is_case_sensitive ... ok
test services::validation::tests::validate_enum_rejects_empty_string ... ok
test services::validation::tests::validate_enum_rejects_invalid_role ... ok
test services::reportes::tests::exportar_pdf_empty_report_returns_valid_pdf ... ok
test services::reportes::tests::exportar_rentabilidad_pdf_empty_report_returns_valid_pdf ... ok
test services::reportes::tests::exportar_rentabilidad_pdf_with_data_returns_valid_bytes ... ok
test services::reportes::tests::exportar_pdf_with_data_returns_valid_bytes ... ok
test services::reportes::tests::exportar_pdf_with_mixed_statuses_includes_all_rows ... ok
test services::ai_module::guardrail_hook_pbt::test_argument_validation_never_terminates ... ok
test services::ai_module::guardrail_hook_pbt::test_argument_validation_bounds ... ok
test services::ai_module::guardrail_hook_pbt::test_receipt_capture_consistency ... ok
test services::firmas_pbt::token_access_rejects_wrong_password ... ok
test services::firmas_pbt::token_generation_correctness ... ok
test services::firmas_pbt::generated_password_is_valid_and_hashable ... ok
test services::ai_module::guardrail_hook_pbt::test_tools_invoked_tracking ... ok
test services::firmas_pbt::password_hashing_round_trip ... ok
test services::firmas_pbt::sealed_document_immutability has been running for over 60 seconds
test services::firmas_pbt::sealed_document_immutability ... ok

test result: ok. 846 passed; 0 failed; 0 ignored; 0 measured; 0 filtered out; finished in 301.91s

